---
-
  - 1
  - bb1
-
  - 2
  - 'bb2''bb2'
-
  - 4
  - bb4;bb4
-
  - 5
  - bb5
